(25436) 2025-12-20 19:13:37.576 [FATAL][MapleTreeEditorTest] Fatal(352) Test failed.
(25436) 2025-12-20 19:13:37.578 [FATAL][MapleTreeEditorTest] ShowError(374) The file is not a Maple file: [Invalid Maple file format: test_file.mpl]
(25436) 2025-12-20 19:13:37.582 [FATAL][MapleTreeEditorTest] ShowError(375) Traceback (most recent call last):
  File "/home/ryuji-hazama/Documents/Python/MapleTree/src/maplex/mapleTreeEditor.py", line 84, in __init__
    self.eofIndex = self._findEof(self.mapleIndex)
                    ^^^^^^^^^^^^^^^^^^^^^^^^^^^^^^
  File "/home/ryuji-hazama/Documents/Python/MapleTree/src/maplex/mapleTreeEditor.py", line 298, in _findEof
    startInd = self.__ToCommentEnd(startInd)
               ^^^^^^^^^^^^^^^^^^^^^^^^^^^^^
  File "/home/ryuji-hazama/Documents/Python/MapleTree/src/maplex/mapleTreeEditor.py", line 359, in __ToCommentEnd
    raise mExc.InvalidMapleFileFormatException(self.fileName)
src.maplex.mapleExceptions.InvalidMapleFileFormatException: The file is not a Maple file: [Invalid Maple file format: test_file.mpl]

The above exception was the direct cause of the following exception:

Traceback (most recent call last):
  File "/home/ryuji-hazama/Documents/Python/MapleTree/test_mapleTreeEditor.py", line 8, in <module>
    mapleFile = maplexTest.MapleTree("test_file.mpl")
                ^^^^^^^^^^^^^^^^^^^^^^^^^^^^^^^^^^^^^
  File "/home/ryuji-hazama/Documents/Python/MapleTree/src/maplex/mapleTreeEditor.py", line 103, in __init__
    raise mExc.MapleException(ex) from ex
src.maplex.mapleExceptions.MapleException: The file is not a Maple file: [Invalid Maple file format: test_file.mpl]

(25748) 2025-12-20 19:19:26.488 [FATAL][MapleTreeEditorTest] Fatal(352) Test failed.
(25748) 2025-12-20 19:19:26.490 [FATAL][MapleTreeEditorTest] ShowError(374) The file is not a Maple file: [Invalid Maple file format: test_file.mpl]
(25748) 2025-12-20 19:19:26.496 [FATAL][MapleTreeEditorTest] ShowError(375) Traceback (most recent call last):
  File "/home/ryuji-hazama/Documents/Python/MapleTree/src/maplex/mapleTreeEditor.py", line 84, in __init__
    self.eofIndex = self._findEof(self.mapleIndex)
                    ^^^^^^^^^^^^^^^^^^^^^^^^^^^^^^
  File "/home/ryuji-hazama/Documents/Python/MapleTree/src/maplex/mapleTreeEditor.py", line 299, in _findEof
    startInd = self.__ToCommentEnd(startInd)
               ^^^^^^^^^^^^^^^^^^^^^^^^^^^^^
  File "/home/ryuji-hazama/Documents/Python/MapleTree/src/maplex/mapleTreeEditor.py", line 360, in __ToCommentEnd
    raise mExc.InvalidMapleFileFormatException(self.fileName)
src.maplex.mapleExceptions.InvalidMapleFileFormatException: The file is not a Maple file: [Invalid Maple file format: test_file.mpl]

The above exception was the direct cause of the following exception:

Traceback (most recent call last):
  File "/home/ryuji-hazama/Documents/Python/MapleTree/test_mapleTreeEditor.py", line 8, in <module>
    mapleFile = maplexTest.MapleTree("test_file.mpl")
                ^^^^^^^^^^^^^^^^^^^^^^^^^^^^^^^^^^^^^
  File "/home/ryuji-hazama/Documents/Python/MapleTree/src/maplex/mapleTreeEditor.py", line 104, in __init__
    raise mExc.MapleException(ex) from ex
src.maplex.mapleExceptions.MapleException: The file is not a Maple file: [Invalid Maple file format: test_file.mpl]

(25884) 2025-12-20 19:21:35.742 [FATAL][MapleTreeEditorTest] Fatal(352) Test failed.
(25884) 2025-12-20 19:21:35.747 [FATAL][MapleTreeEditorTest] ShowError(374) The file is not a Maple file: [Invalid Maple file format: test_file.mpl]
(25884) 2025-12-20 19:21:35.753 [FATAL][MapleTreeEditorTest] ShowError(375) Traceback (most recent call last):
  File "/home/ryuji-hazama/Documents/Python/MapleTree/src/maplex/mapleTreeEditor.py", line 84, in __init__
    self.eofIndex = self._findEof(self.mapleIndex)
                    ^^^^^^^^^^^^^^^^^^^^^^^^^^^^^^
  File "/home/ryuji-hazama/Documents/Python/MapleTree/src/maplex/mapleTreeEditor.py", line 299, in _findEof
    startInd = self.__ToCommentEnd(startInd)
               ^^^^^^^^^^^^^^^^^^^^^^^^^^^^^
  File "/home/ryuji-hazama/Documents/Python/MapleTree/src/maplex/mapleTreeEditor.py", line 360, in __ToCommentEnd
    raise mExc.InvalidMapleFileFormatException(self.fileName)
src.maplex.mapleExceptions.InvalidMapleFileFormatException: The file is not a Maple file: [Invalid Maple file format: test_file.mpl]

The above exception was the direct cause of the following exception:

Traceback (most recent call last):
  File "/home/ryuji-hazama/Documents/Python/MapleTree/test_mapleTreeEditor.py", line 8, in <module>
    mapleFile = maplexTest.MapleTree("test_file.mpl")
                ^^^^^^^^^^^^^^^^^^^^^^^^^^^^^^^^^^^^^
  File "/home/ryuji-hazama/Documents/Python/MapleTree/src/maplex/mapleTreeEditor.py", line 104, in __init__
    raise mExc.MapleException(ex) from ex
src.maplex.mapleExceptions.MapleException: The file is not a Maple file: [Invalid Maple file format: test_file.mpl]

(26153) 2025-12-20 19:25:31.234 [FATAL][MapleTreeEditorTest] Fatal(352) Test failed.
(26153) 2025-12-20 19:25:31.239 [FATAL][MapleTreeEditorTest] ShowError(374) The file is not a Maple file: [Invalid Maple file format: test_file.mpl]
(26153) 2025-12-20 19:25:31.245 [FATAL][MapleTreeEditorTest] ShowError(375) Traceback (most recent call last):
  File "/home/ryuji-hazama/Documents/Python/MapleTree/src/maplex/mapleTreeEditor.py", line 84, in __init__
    self.eofIndex = self._findEof(self.mapleIndex)
                    ^^^^^^^^^^^^^^^^^^^^^^^^^^^^^^
  File "/home/ryuji-hazama/Documents/Python/MapleTree/src/maplex/mapleTreeEditor.py", line 299, in _findEof
    startInd = self.__ToCommentEnd(startInd)
               ^^^^^^^^^^^^^^^^^^^^^^^^^^^^^
  File "/home/ryuji-hazama/Documents/Python/MapleTree/src/maplex/mapleTreeEditor.py", line 363, in __ToCommentEnd
    raise mExc.InvalidMapleFileFormatException(self.fileName)
src.maplex.mapleExceptions.InvalidMapleFileFormatException: The file is not a Maple file: [Invalid Maple file format: test_file.mpl]

The above exception was the direct cause of the following exception:

Traceback (most recent call last):
  File "/home/ryuji-hazama/Documents/Python/MapleTree/test_mapleTreeEditor.py", line 8, in <module>
    mapleFile = maplexTest.MapleTree("test_file.mpl")
                ^^^^^^^^^^^^^^^^^^^^^^^^^^^^^^^^^^^^^
  File "/home/ryuji-hazama/Documents/Python/MapleTree/src/maplex/mapleTreeEditor.py", line 104, in __init__
    raise mExc.MapleException(ex) from ex
src.maplex.mapleExceptions.MapleException: The file is not a Maple file: [Invalid Maple file format: test_file.mpl]

(26326) 2025-12-20 19:27:18.933 [INFO ][MapleTreeEditorTest] Info(322) Maple file loaded successfully.
(27184) 2025-12-20 19:40:40.615 [INFO ][MapleTreeEditorTest] Info(322) Maple file loaded successfully.
(27184) 2025-12-20 19:40:40.619 [FATAL][MapleTreeEditorTest] Fatal(352) Test failed.
(27184) 2025-12-20 19:40:40.621 [FATAL][MapleTreeEditorTest] ShowError(374) Cannot search inside comment block: Comment block header found in search headers list at index 1
(27184) 2025-12-20 19:40:40.627 [FATAL][MapleTreeEditorTest] ShowError(375) Traceback (most recent call last):
  File "/home/ryuji-hazama/Documents/Python/MapleTree/test_mapleTreeEditor.py", line 10, in <module>
    data = mapleFile.readMapleTag("TAG2", "HEADER 1", "#*")
           ^^^^^^^^^^^^^^^^^^^^^^^^^^^^^^^^^^^^^^^^^^^^^^^^
  File "/home/ryuji-hazama/Documents/Python/MapleTree/src/maplex/mapleTreeEditor.py", line 543, in readMapleTag
    isFound, eInd, headInd = self._findHeader(headers)
                             ^^^^^^^^^^^^^^^^^^^^^^^^^
  File "/home/ryuji-hazama/Documents/Python/MapleTree/src/maplex/mapleTreeEditor.py", line 449, in _findHeader
    raise mExc.MapleSyntaxException(f"Cannot search inside comment block: Comment block header found in search headers list at index {headerIndex}")
src.maplex.mapleExceptions.MapleSyntaxException: Cannot search inside comment block: Comment block header found in search headers list at index 1

(27308) 2025-12-20 19:41:42.156 [INFO ][MapleTreeEditorTest] Info(322) Maple file loaded successfully.
(27308) 2025-12-20 19:41:42.159 [FATAL][MapleTreeEditorTest] Fatal(352) Test failed.
(27308) 2025-12-20 19:41:42.161 [FATAL][MapleTreeEditorTest] ShowError(374) Cannot search inside comment block: Comment block header "#*" found in search headers list at index 1
(27308) 2025-12-20 19:41:42.167 [FATAL][MapleTreeEditorTest] ShowError(375) Traceback (most recent call last):
  File "/home/ryuji-hazama/Documents/Python/MapleTree/test_mapleTreeEditor.py", line 10, in <module>
    data = mapleFile.readMapleTag("TAG2", "HEADER 1", "#*")
           ^^^^^^^^^^^^^^^^^^^^^^^^^^^^^^^^^^^^^^^^^^^^^^^^
  File "/home/ryuji-hazama/Documents/Python/MapleTree/src/maplex/mapleTreeEditor.py", line 543, in readMapleTag
    isFound, eInd, headInd = self._findHeader(headers)
                             ^^^^^^^^^^^^^^^^^^^^^^^^^
  File "/home/ryuji-hazama/Documents/Python/MapleTree/src/maplex/mapleTreeEditor.py", line 449, in _findHeader
    raise mExc.MapleSyntaxException(f"Cannot search inside comment block: Comment block header \"#*\" found in search headers list at index {headerIndex}")
src.maplex.mapleExceptions.MapleSyntaxException: Cannot search inside comment block: Comment block header "#*" found in search headers list at index 1

(27413) 2025-12-20 19:42:00.679 [INFO ][MapleTreeEditorTest] Info(322) Maple file loaded successfully.
(27591) 2025-12-20 19:43:07.535 [INFO ][MapleTreeEditorTest] Info(322) Maple file loaded successfully.
(27875) 2025-12-20 19:45:33.866 [INFO ][MapleTreeEditorTest] Info(322) Maple file loaded successfully.
(27875) 2025-12-20 19:45:33.870 [FATAL][MapleTreeEditorTest] Fatal(352) Test failed.
(27875) 2025-12-20 19:45:33.876 [FATAL][MapleTreeEditorTest] ShowError(374) Logger.Info() takes 2 positional arguments but 3 were given
(27875) 2025-12-20 19:45:33.881 [FATAL][MapleTreeEditorTest] ShowError(375) Traceback (most recent call last):
  File "/home/ryuji-hazama/Documents/Python/MapleTree/test_mapleTreeEditor.py", line 12, in <module>
    logger.Info("Data read from TAG2 in HEADER 1:", data)
TypeError: Logger.Info() takes 2 positional arguments but 3 were given

(28023) 2025-12-20 19:46:27.202 [INFO ][MapleTreeEditorTest] Info(322) Maple file loaded successfully.
(28023) 2025-12-20 19:46:27.206 [INFO ][MapleTreeEditorTest] Info(322) Data read from TAG2 in HEADER 1: DATA 3
(28023) 2025-12-20 19:46:27.211 [INFO ][MapleTreeEditorTest] Info(322) Data saved to TAG2 in HEADER 1.
(28136) 2025-12-20 19:47:02.541 [INFO ][MapleTreeEditorTest] Info(322) Maple file loaded successfully.
(28136) 2025-12-20 19:47:02.544 [INFO ][MapleTreeEditorTest] Info(322) Data read from TAG2 in HEADER 1: DATA 2
(28136) 2025-12-20 19:47:02.547 [INFO ][MapleTreeEditorTest] Info(322) Data saved to TAG2 in HEADER 1.
